// Jest Snapshot v1, https://goo.gl/fbAQLP

exports[`SModal init 1`] = `
<transition-stub
  name="s-modal"
>
  <!---->
</transition-stub>
`;
