// Jest Snapshot v1, https://goo.gl/fbAQLP

exports[`STabs Is Vue snapshot 1`] = `
<div
  class="s-tabs"
>
  <div
    class="s-tabs__header"
  >
    <div
      class="s-tabs__header-item bold h4 s-tabs__header-item--active"
    >
      
      Пункт 1
    
    </div>
    <div
      class="s-tabs__header-item bold h4"
    >
      
      Пункт 2
    
    </div>
    <div
      class="s-tabs__header-item bold h4"
    >
      
      Пункт 3
    
    </div>
     
    <div
      class="s-tabs__slider"
      style="width: 0px; left: 0px;"
    />
  </div>
   
  <div
    class="s-tabs__content"
  >
    <span
      class="mt-40"
    >
      111
    </span>
    <!---->
    <!---->
  </div>
</div>
`;
